npx : [yahoo-finance2] Unsupported environment: Requi
res Node >= 22.0.0, found 20.19.6. (runtime=node, ver
sion=20.19.6). Things might break or work unexpectedl
y!
위치 줄:1 문자:1
+ npx ts-node -r tsconfig-paths/register src/modules/
investand/tests/ex ...
+ ~~~~~~~~~~~~~~~~~~~~~~~~~~~~~~~~~~~~~~~~~~~~~~~~~~~
~~~~~~~~~~~~~~~~~~
    + CategoryInfo          : NotSpecified: ([yaho   
 o-finance2...k unexpectedly!:String) [], Remot    eE
xception
    + FullyQualifiedErrorId : NativeCommandError
 
[yahoo-finance2] Unsupported environment: Requires No
de >= 22.0.0, found 20.19.6. (runtime=node, version=2
0.19.6). Things might break or work unexpectedly!
============================================================
🚀 External Interface Test Suite
============================================================
📅 Date: 2026-01-18T13:57:19.477Z
🌍 Environment: development

────────────────────────────────────────────────────────────
📊 DART API Tests
────────────────────────────────────────────────────────────

🧪 Running: T3.1.5: DART API Key Validation
2026-01-18 22:57:19:5719 [[31m[31merror[31m[39m]: [31m[31m[DART API] API 키가 설정되지 않았습니다[31m[39m 
   ❌ FAIL (2ms)
   🔴 Error: DART API key is not configured

🧪 Running: T3.1: DART Date Format Validation
   ✅ PASS (0ms)
   📝 Date format validation works correctly (YYYY-MM-DD)

🧪 Running: T3.1.1: DART Fetch Disclosures
2026-01-18 22:57:19:5719 [[32m[32minfo[32m[39m]: [32m[32m[DART API] 지분공시 조회: 2026-01-11 ~ 2026-01-18[32m[39m 
2026-01-18 22:57:19:5719 [[32m[32minfo[32m[39m]: [32m[32m[DART API] Final URL: https://opendart.fss.or.kr/api/list.json?crtfc_key=&bgn_de=20260111&end_de=20260118&pblntf_ty=D&page_no=1&page_count=10[32m[39m 
2026-01-18 22:57:19:5719 [[31m[31merror[31m[39m]: [31m[31mOperation failed after 1 attempts[31m[39m Error: DART API Error: 인증키가 누락되었습니다.
    at Function.<anonymous> (F:\repository\voyagerss\backend\src\modules\investand\clients\dart\DartApiClient.ts:213:17)
    at Generator.next (<anonymous>)
    at fulfilled (F:\repository\voyagerss\backend\src\modules\investand\clients\dart\DartApiClient.ts:5:58)
    at processTicksAndRejections (node:internal/process/task_queues:95:5)
   ❌ FAIL (73ms)
   🔴 Error: DART API Error: 인증키가 누락되었습니다.

────────────────────────────────────────────────────────────
📈 Yahoo Finance API Tests
────────────────────────────────────────────────────────────

🧪 Running: T3.2.1: Yahoo Sector Quote (XLK)
Please consider completing the survey at https://bit.ly/yahoo-finance-api-feedback if you haven't already; for more info see https://github.com/gadicc/yahoo-finance2/issues/764#issuecomment-2056623851.  This will only be shown once, but you can suppress this message in future with `new YahooFinance({ suppressNotices: ['yahooSurvey'] })`.
Failed to fetch quote for XLK: Error: Failed to get c
rumb, status 429, statusText: Too Many Requests
    at _getCrumb (F:\repository\voyagerss\backend\nod
e_modules\yahoo-finance2\script\src\lib\getCrumb.js:2
73:15)
    at processTicksAndRejections (node:internal/proce
ss/task_queues:95:5)
    at async YahooFinance.yahooFinanceFetch [as _fetc
h] (F:\repository\voyagerss\backend\node_modules\yaho
o-finance2\script\src\lib\yahooFinanceFetch.js:65:23)
    at async YahooFinance.moduleExec [as _moduleExec]
 (F:\repository\voyagerss\backend\node_modules\yahoo-
finance2\script\src\lib\moduleExec.js:121:18)
    at async YahooFinance.quote (F:\repository\voyage
rss\backend\node_modules\yahoo-finance2\script\src\mo
dules\quote.js:132:21)
   ❌ FAIL (437ms)
   🔴 Error: Failed to fetch XLK sector quote

🧪 Running: T3.2.1: Yahoo Sector History (XLK)
https://query2.finance.yahoo.com/v8/finance/chart/XLK
?useYfid=true&interval=1d&includePrePost=true&events=
div%7Csplit%7Cearn&lang=en-US&period1=1766102400&peri
od2=1768694400
Failed to fetch sector data for XLK: HTTPError: Too M
any Requests

    at YahooFinance.yahooFinanceFetch [as _fetch] (F:
\repository\voyagerss\backend\node_modules\yahoo-fina
nce2\script\src\lib\yahooFinanceFetch.js:134:23)
    at processTicksAndRejections (node:internal/proce
ss/task_queues:95:5)
    at async YahooFinance.moduleExec [as _moduleExec]
 (F:\repository\voyagerss\backend\node_modules\yahoo-
finance2\script\src\lib\moduleExec.js:121:18)
    at async YahooFinance.chart (F:\repository\voyage
rss\backend\node_modules\yahoo-finance2\script\src\mo
dules\chart.js:169:21) {
  code: 429
}
   ❌ FAIL (246ms)
   🔴 Error: Too Many Requests


🧪 Running: T3.2.3: Yahoo Global Asset (Gold)
https://query2.finance.yahoo.com/v8/finance/chart/GC=
F?useYfid=true&interval=1d&includePrePost=true&events
=div%7Csplit%7Cearn&lang=en-US&period1=1766102400&per
iod2=1768694400
Failed to fetch asset data for GOLD: HTTPError: Too M
any Requests

    at YahooFinance.yahooFinanceFetch [as _fetch] (F:
\repository\voyagerss\backend\node_modules\yahoo-fina
nce2\script\src\lib\yahooFinanceFetch.js:134:23)
    at processTicksAndRejections (node:internal/proce
ss/task_queues:95:5)
    at async YahooFinance.moduleExec [as _moduleExec]
 (F:\repository\voyagerss\backend\node_modules\yahoo-
finance2\script\src\lib\moduleExec.js:121:18)
    at async YahooFinance.chart (F:\repository\voyage
rss\backend\node_modules\yahoo-finance2\script\src\mo
dules\chart.js:169:21) {
  code: 429
}
   ❌ FAIL (220ms)
   🔴 Error: Too Many Requests


🧪 Running: T3.2.4: Yahoo Calculate Returns
https://query2.finance.yahoo.com/v8/finance/chart/XLK
?useYfid=true&interval=1d&includePrePost=true&events=
div%7Csplit%7Cearn&lang=en-US&period1=1737158400&peri
od2=1768694400
Failed to fetch sector data for XLK: HTTPError: Too M
any Requests

    at YahooFinance.yahooFinanceFetch [as _fetch] (F:
\repository\voyagerss\backend\node_modules\yahoo-fina
nce2\script\src\lib\yahooFinanceFetch.js:134:23)
    at processTicksAndRejections (node:internal/proce
ss/task_queues:95:5)
    at async YahooFinance.moduleExec [as _moduleExec]
 (F:\repository\voyagerss\backend\node_modules\yahoo-
finance2\script\src\lib\moduleExec.js:121:18)
    at async YahooFinance.chart (F:\repository\voyage
rss\backend\node_modules\yahoo-finance2\script\src\mo
dules\chart.js:169:21) {
  code: 429
}
   ❌ FAIL (104ms)
   🔴 Error: Too Many Requests


🧪 Running: Yahoo Volatility Calculation
https://query2.finance.yahoo.com/v8/finance/chart/XLK
?useYfid=true&interval=1d&includePrePost=true&events=
div%7Csplit%7Cearn&lang=en-US&period1=1763510400&peri
od2=1768694400
Failed to fetch sector data for XLK: HTTPError: Too M
any Requests

    at YahooFinance.yahooFinanceFetch [as _fetch] (F:
\repository\voyagerss\backend\node_modules\yahoo-fina
nce2\script\src\lib\yahooFinanceFetch.js:134:23)
    at processTicksAndRejections (node:internal/proce
ss/task_queues:95:5)
    at async YahooFinance.moduleExec [as _moduleExec]
 (F:\repository\voyagerss\backend\node_modules\yahoo-
finance2\script\src\lib\moduleExec.js:121:18)
    at async YahooFinance.chart (F:\repository\voyage
rss\backend\node_modules\yahoo-finance2\script\src\mo
dules\chart.js:169:21) {
  code: 429
}
   ❌ FAIL (106ms)
   🔴 Error: Too Many Requests


────────────────────────────────────────────────────────────
⏰ Scheduler Tests
────────────────────────────────────────────────────────────

🧪 Running: T5.1.3: DataScheduler Singleton
   ✅ PASS (0ms)
   📝 DataScheduler singleton pattern works correctly

🧪 Running: T5.1.1-T5.1.2: DataScheduler Start/Stop
2026-01-18 22:57:20:5720 [[32m[32minfo[32m[39m]: [32m[32m[DataScheduler] Starting data scheduler[32m[39m 
2026-01-18 22:57:20:5720 [[32m[32minfo[32m[39m]: [32m[32m[DataScheduler] Data scheduler stopped[32m[39m 
   ✅ PASS (1ms)
   📝 DataScheduler start/stop cycle completed successfully

────────────────────────────────────────────────────────────
📱 Messaging Service Tests
────────────────────────────────────────────────────────────

🧪 Running: MessagingService Singleton
   ✅ PASS (0ms)
   📝 MessagingService singleton pattern works correctly

🧪 Running: ChatManager Operations
2026-01-18 22:57:20:5720 [[32m[32minfo[32m[39m]: [32m[32m[ChatManager] Loaded 0 chat IDs from storage[32m[39m 
2026-01-18 22:57:20:5720 [[32m[32minfo[32m[39m]: [32m[32m[ChatManager] Added new chat ID: 123456789[32m[39m 
2026-01-18 22:57:20:5720 [[32m[32minfo[32m[39m]: [32m[32m[ChatManager] Removed chat ID: 123456789[32m[39m 
   ✅ PASS (4ms)
   📝 ChatManager operations: add/remove chat worked (current count: 0)

🧪 Running: T6.1.1: Telegram Bot Token Validation
   ✅ PASS (1ms)
   📝 Telegram bot token is configured with valid format

════════════════════════════════════════════════════════════
📋 Test Summary
════════════════════════════════════════════════════════════

✅ Passed:  6/13
❌ Failed:  7/13
⏭️  Skipped: 0/13

🔴 Failed Tests:
   - T3.1.5: DART API Key Validation: DART API key is not configured
   - T3.1.1: DART Fetch Disclosures: DART API Error: 인증키가 누락되었습니다.
   - T3.2.1: Yahoo Sector Quote (XLK): Failed to fetch XLK sector quote
   - T3.2.1: Yahoo Sector History (XLK): Too Many Requests

   - T3.2.3: Yahoo Global Asset (Gold): Too Many Requests

   - T3.2.4: Yahoo Calculate Returns: Too Many Requests

   - Yahoo Volatility Calculation: Too Many Requests


════════════════════════════════════════════════════════════
❌ Some tests failed!
